// Jest Snapshot v1, https://goo.gl/fbAQLP

exports[`The CalculatorApp component renders correctly into the DOM 1`] = `
<section
  id="calculator-app"
>
  <div
    className="display-result"
  >
    <p
      className="final-result"
    >
        0 
    </p>
  </div>
  <div
    className="buttons-container"
  >
    <button
      className="btn btn-gray"
      onClick={[Function]}
      type="button"
    >
      AC
    </button>
    <button
      className="btn btn-gray"
      onClick={[Function]}
      type="button"
    >
      +/-
    </button>
    <button
      className="btn btn-gray"
      onClick={[Function]}
      type="button"
    >
      %
    </button>
    <button
      className="btn btn-orange"
      onClick={[Function]}
      type="button"
    >
      รท
    </button>
    <button
      className="btn btn-gray"
      onClick={[Function]}
      type="button"
    >
      7
    </button>
    <button
      className="btn btn-gray"
      onClick={[Function]}
      type="button"
    >
      8
    </button>
    <button
      className="btn btn-gray"
      onClick={[Function]}
      type="button"
    >
      9
    </button>
    <button
      className="btn btn-orange"
      onClick={[Function]}
      type="button"
    >
      x
    </button>
    <button
      className="btn btn-gray"
      onClick={[Function]}
      type="button"
    >
      4
    </button>
    <button
      className="btn btn-gray"
      onClick={[Function]}
      type="button"
    >
      5
    </button>
    <button
      className="btn btn-gray"
      onClick={[Function]}
      type="button"
    >
      6
    </button>
    <button
      className="btn btn-orange"
      onClick={[Function]}
      type="button"
    >
      -
    </button>
    <button
      className="btn btn-gray"
      onClick={[Function]}
      type="button"
    >
      1
    </button>
    <button
      className="btn btn-gray"
      onClick={[Function]}
      type="button"
    >
      2
    </button>
    <button
      className="btn btn-gray"
      onClick={[Function]}
      type="button"
    >
      3
    </button>
    <button
      className="btn btn-orange"
      onClick={[Function]}
      type="button"
    >
      +
    </button>
    <button
      className="btn btn-gray btn-zero"
      onClick={[Function]}
      type="button"
    >
      0
    </button>
    <button
      className="btn btn-gray"
      onClick={[Function]}
      type="button"
    >
      .
    </button>
    <button
      className="btn btn-orange"
      onClick={[Function]}
      type="button"
    >
      =
    </button>
  </div>
</section>
`;
