// Jest Snapshot v1, https://goo.gl/fbAQLP

exports[`The Quote component renders correctly into the DOM 1`] = `
Array [
  <header>
    <a
      className="logo-container"
      href="/"
    >
      <img
        alt="logo"
        className="App-logo"
        src="mathLogo.gif"
      />
      <span
        className="logo-title"
      >
        Math Magicians
      </span>
    </a>
    <nav>
      <ul
        id="menu"
      >
        <li
          className="nav-item"
        >
          <a
            aria-current="page"
            className="active"
            href="/"
            onClick={[Function]}
          >
            Home
          </a>
        </li>
        <li
          className="nav-item"
        >
          <a
            className={null}
            href="/calculator"
            onClick={[Function]}
          >
            Calculator
          </a>
        </li>
        <li
          className="nav-item"
        >
          <a
            className={null}
            href="/quote"
            onClick={[Function]}
          >
            Quote
          </a>
        </li>
      </ul>
    </nav>
  </header>,
  <main>
    <section
      id="quote"
    >
      <div
        className="page-content"
      >
        <div
          id="display-quote"
        >
          <p
            className="d-none"
            id="quote-text"
          >
            <span
              id="quote"
            />
            <span
              id="author"
            >
               â€” 
            </span>
          </p>
          <p
            className=""
            id="loading-message"
          >
            Loading Quote...
          </p>
          <p
            className="d-none"
            id="error-message"
          />
        </div>
      </div>
    </section>
  </main>,
]
`;
